---
source: crates/project-resolver/tests/snapshot_tests.rs
expression: "files.join(\"\\n\")"
---
src/app/admin/admin.component.ts
src/app/app.component.ts
src/app/app.config.ts
src/app/app.routes.ts
src/app/dashboard/dashboard.component.ts
src/app/dashboard/dashboard.routes.ts
src/app/shared/index.ts
src/app/shared/logger.ts
src/app/shared/shared.service.ts
src/app/shared/utils.ts
src/environments/environment.prod.ts
src/environments/environment.ts
src/main.ts
