---
source: crates/ts-transform/tests/snapshot_tests.rs
expression: result
---
export const routes = [{
	path: 'admin',
	loadComponent: () => import('./admin/admin.component').then((m) => m.AdminComponent)
}, {
	path: 'dashboard',
	loadChildren: () => import('./dashboard/dashboard.routes').then((m) => m.dashboardRoutes)
}];
