---
source: crates/bundler/tests/snapshot_tests.rs
expression: bundle
---
import { ɵɵadvance, ɵɵdefineComponent, ɵɵelement, ɵɵelementEnd, ɵɵelementStart, ɵɵgetComponentDepsFactory, ɵɵtext, ɵɵtextInterpolate } from '@angular/core';
import { RouterOutlet, provideRouter } from '@angular/router';
import { bootstrapApplication } from '@angular/platform-browser';

// src/app/shared/logger.js
class Logger {
	static log(message) {
		console.log(message);
	}
}

// src/environments/environment.js
const environment = {
	production: false,
	appName: 'simple-app'
};

// src/app/shared/utils.js
class SharedUtils {
	static appName() {
		Logger.log('Getting app name');
		return environment.appName;
	}
}

// src/app/app.component.js
class AppComponent {
	static ɵfac = function AppComponent_Factory(t) {
		return new (t || AppComponent)();
	};
	static ɵcmp = ɵɵdefineComponent({
		type: AppComponent,
		selectors: [['app-root']],
		standalone: true,
		decls: 3,
		vars: 1,
		template: function AppComponent_Template(rf, ctx) {
			if (rf & 1) {
				ɵɵelementStart(0, 'h1');
				ɵɵtext(1);
				ɵɵelementEnd();
				ɵɵelement(2, 'router-outlet');
			}
			if (rf & 2) {
				ɵɵadvance(2);
				ɵɵtextInterpolate(ctx.title);
			}
		},
		dependencies: ɵɵgetComponentDepsFactory(AppComponent, [RouterOutlet])
	});
	title = SharedUtils.appName();
}

// src/app/app.routes.js
const routes = [{
	path: 'admin',
	loadComponent: () => import('./chunk-admin-component.js').then((m) => m.AdminComponent)
}, {
	path: 'dashboard',
	loadChildren: () => import('./chunk-dashboard-routes.js').then((m) => m.dashboardRoutes)
}];

// src/app/app.config.js
const appConfig = { providers: [provideRouter(routes)] };

// src/main.js
bootstrapApplication(AppComponent, appConfig);
